// Jest Snapshot v1, https://goo.gl/fbAQLP

exports[`Missions rendering Validation Missions should render with /missions url 1`] = `null`;
