// Jest Snapshot v1, https://goo.gl/fbAQLP

exports[`Rockets rendering Validation Rockets should render with / url 1`] = `
<section
  className="reservation-wrapper"
/>
`;
